---
source: crates/kyogoku-parser/tests/integration_test.rs
expression: blocks
---
[
    TranslationBlock {
        id: "dddb49bdbbd7680a8ebc1ba475439bcd8c61583e1668efb609b2794258b5c654",
        speaker: None,
        source: "Normal text without effects",
        target: None,
        metadata: Object {
            "effect": String(""),
            "end": String("0:00:04.00"),
            "format": String("ass"),
            "index": Number(0),
            "layer": Number(0),
            "margin_l": Number(0),
            "margin_r": Number(0),
            "margin_v": Number(0),
            "name": String(""),
            "original_text": String("Normal text without effects"),
            "start": String("0:00:01.00"),
            "style": String("Default"),
        },
    },
    TranslationBlock {
        id: "c493e14a67755190353f3afe8af8823318c7760e194705bae17a575699b79441",
        speaker: Some(
            "Speaker",
        ),
        source: "Bold text and italic",
        target: None,
        metadata: Object {
            "effect": String(""),
            "end": String("0:00:08.00"),
            "format": String("ass"),
            "index": Number(1),
            "layer": Number(0),
            "margin_l": Number(0),
            "margin_r": Number(0),
            "margin_v": Number(0),
            "name": String("Speaker"),
            "original_text": String("{\\b1}Bold text{\\b0} and {\\i1}italic{\\i0}"),
            "start": String("0:00:05.00"),
            "style": String("Default"),
        },
    },
    TranslationBlock {
        id: "cb3d6729c3738d1ccf24b99d3a78a09b454a8e0bd6f78fd52670242dcb5330c5",
        speaker: None,
        source: "Positioned text",
        target: None,
        metadata: Object {
            "effect": String(""),
            "end": String("0:00:12.00"),
            "format": String("ass"),
            "index": Number(2),
            "layer": Number(0),
            "margin_l": Number(0),
            "margin_r": Number(0),
            "margin_v": Number(0),
            "name": String(""),
            "original_text": String("{\\pos(960,540)}Positioned text"),
            "start": String("0:00:09.00"),
            "style": String("Italic"),
        },
    },
    TranslationBlock {
        id: "1afd4c84c4c5bc8567898bae071d90e271ad9685a9e57d413e6d98384f7e9b39",
        speaker: None,
        source: "Line one\nLine two\nLine three",
        target: None,
        metadata: Object {
            "effect": String(""),
            "end": String("0:00:16.00"),
            "format": String("ass"),
            "index": Number(3),
            "layer": Number(0),
            "margin_l": Number(0),
            "margin_r": Number(0),
            "margin_v": Number(0),
            "name": String(""),
            "original_text": String("Line one\\NLine two\\NLine three"),
            "start": String("0:00:13.00"),
            "style": String("Default"),
        },
    },
    TranslationBlock {
        id: "088e7cb154d4447105eeabbe4eb387b6f6fc75a3d35c9b33342bb39fc98e80f4",
        speaker: None,
        source: "Fade in and out",
        target: None,
        metadata: Object {
            "effect": String(""),
            "end": String("0:00:20.00"),
            "format": String("ass"),
            "index": Number(4),
            "layer": Number(0),
            "margin_l": Number(0),
            "margin_r": Number(0),
            "margin_v": Number(0),
            "name": String(""),
            "original_text": String("{\\fad(300,500)}Fade in and out"),
            "start": String("0:00:17.00"),
            "style": String("Default"),
        },
    },
]
